Detecting compiler hash for triplet x64-windows...
Compiler found: C:/Program Files/Microsoft Visual Studio/18/Community/VC/Tools/MSVC/14.51.36231/bin/Hostx64/x64/cl.exe
The following packages are already installed:
  * brotli:x64-windows@1.2.0
  * bzip2[core,tool]:x64-windows@1.0.8#6
    ffmpeg[core,swscale,swresample,avformat,avfilter,avdevice,avcodec]:x64-windows@9.0.1#1
  * ffmpeg-bin2c:x64-windows@9.0.1
  * freetype[core,zlib,png,bzip2,brotli]:x64-windows@2.14.3
  * libpng:x64-windows@1.6.58
    nlohmann-json:x64-windows@3.12.0#2
  * pkgconf:x64-windows@3.0.3
    sdl3:x64-windows@3.4.16
    sdl3-ttf:x64-windows@3.2.2#1
  * vcpkg-cmake:x64-windows@2025-08-07
  * vcpkg-cmake-config:x64-windows@2026-07-21
  * vcpkg-cmake-get-vars:x64-windows@2025-05-29
  * vcpkg-pkgconfig-get-modules:x64-windows@2024-04-03
  * vcpkg-tool-meson:x64-windows@1.9.0#10
  * zlib:x64-windows@1.3.2#2
The following packages will be rebuilt:
    sdl3-image[core,jpeg,png,webp]:x64-windows@3.4.4#1
    sdl3-mixer[core,libflac,libvorbis,mpg123]:x64-windows@3.2.4
The following packages will be built and installed:
  * libflac[core,stack-protector]:x64-windows@1.5.0
  * libjpeg-turbo:x64-windows@3.2.0
  * libogg:x64-windows@1.3.6#1
  * libvorbis:x64-windows@1.3.7#4
  * libwebp[core,libwebpmux,nearlossless,simd,unicode]:x64-windows@1.6.0#3
  * mpg123:x64-windows@1.33.7#1
  * yasm[core,tools]:x64-windows@1.3.0#8
Additional packages (*) will be modified to complete this operation.
Restored 9 package(s) from C:\Users\Owner\AppData\Local\vcpkg\archives in 10 s. Use --debug to see more details.
Removing 1/11 sdl3-mixer:x64-windows
Elapsed time to handle sdl3-mixer:x64-windows: 35.3 ms
Removing 2/11 sdl3-image:x64-windows
Elapsed time to handle sdl3-image:x64-windows: 24.4 ms
Installing 3/11 libwebp[core,libwebpmux,nearlossless,simd,unicode]:x64-windows@1.6.0#3...
libwebp[core,libwebpmux,nearlossless,simd,unicode]:x64-windows@1.6.0#3 package ABI: 1f1d9dcffbf74390caf18832931c6e689681842bf9053d65430fbb506cd77c84
Elapsed time to handle libwebp:x64-windows: 174 ms
Installing 4/11 libjpeg-turbo:x64-windows@3.2.0...
libjpeg-turbo:x64-windows@3.2.0 package ABI: 81d99d08108168dcc97bb65a37a23576fe78635ff1a754768095f10114032492
Elapsed time to handle libjpeg-turbo:x64-windows: 117 ms
Installing 5/11 sdl3-image[core,jpeg,png,webp]:x64-windows@3.4.4#1...
sdl3-image[core,jpeg,png,webp]:x64-windows@3.4.4#1 package ABI: 8e77981f131a0ffc6e3e9595536d0cdbc9894aecf1a8c13983742327fadcdb82
Elapsed time to handle sdl3-image:x64-windows: 82.1 ms
Installing 6/11 yasm[core,tools]:x64-windows@1.3.0#8...
yasm[core,tools]:x64-windows@1.3.0#8 package ABI: 7ab94fbcdedc4cc60a78962fe0dcf35d5a7b7c996f53fa005ebd2877283d8211
Elapsed time to handle yasm:x64-windows: 169 ms
Installing 7/11 mpg123:x64-windows@1.33.7#1...
mpg123:x64-windows@1.33.7#1 package ABI: d20c23e60c63116a8e9ac6f3b41fd5d0e31a6552a8882de9c2ee51c0f988a559
Elapsed time to handle mpg123:x64-windows: 107 ms
Installing 8/11 libogg:x64-windows@1.3.6#1...
libogg:x64-windows@1.3.6#1 package ABI: 8f5abaf31e2efc9b6a990e0ebf1b76a648e5d446340a6f9e9d2c29824d78f6c4
Elapsed time to handle libogg:x64-windows: 47.8 ms
Installing 9/11 libvorbis:x64-windows@1.3.7#4...
libvorbis:x64-windows@1.3.7#4 package ABI: 8aaa77ca6084456465db1e12d6c72d0757dd21709e14ba49d8abccf07a5ec8dc
Elapsed time to handle libvorbis:x64-windows: 46.3 ms
Installing 10/11 libflac[core,stack-protector]:x64-windows@1.5.0...
libflac[core,stack-protector]:x64-windows@1.5.0 package ABI: 2d0e2a49a67579db3d378b3a6f55646b00dce11bfbd96ef1491b0ca697db922f
Elapsed time to handle libflac:x64-windows: 126 ms
Installing 11/11 sdl3-mixer[core,libflac,libvorbis,mpg123]:x64-windows@3.2.4...
sdl3-mixer[core,libflac,libvorbis,mpg123]:x64-windows@3.2.4 package ABI: 205fe1bf165f6842062273b995a26380454b762f1eeaaf41ace225beeab646cb
Elapsed time to handle sdl3-mixer:x64-windows: 176 ms
Installed contents are licensed to you by owners. Microsoft is not responsible for, nor does it grant any licenses to, third-party packages.
Packages installed in this vcpkg installation declare the following licenses:
(BSD-2-Clause OR BSD-3-Clause OR Artistic-1.0 OR GPL-2.0-only OR LGPL-2.0-only)
BSD-3-Clause
LGPL-2.1-or-later
Zlib
ffmpeg provides CMake integration:

  find_package(FFMPEG REQUIRED)
  target_include_directories(main PRIVATE ${FFMPEG_INCLUDE_DIRS})
  target_link_directories(main PRIVATE ${FFMPEG_LIBRARY_DIRS})
  target_link_libraries(main PRIVATE ${FFMPEG_LIBRARIES})

ffmpeg provides pkg-config modules:

  # FFmpeg codec library
  libavcodec

  # FFmpeg device handling library
  libavdevice

  # FFmpeg audio/video filtering library
  libavfilter

  # FFmpeg container format library
  libavformat

  # FFmpeg utility library
  libavutil

  # FFmpeg audio resampling library
  libswresample

  # FFmpeg image rescaling library
  libswscale

The package nlohmann-json provides CMake targets:

    find_package(nlohmann_json CONFIG REQUIRED)
    target_link_libraries(main PRIVATE nlohmann_json::nlohmann_json)

The package nlohmann-json can be configured to not provide implicit conversions via a custom triplet file:

    set(nlohmann-json_IMPLICIT_CONVERSIONS OFF)

For more information, see the docs here:
    
    https://json.nlohmann.me/api/macros/json_use_implicit_conversions/

sdl3 provides CMake targets:

  find_package(SDL3 CONFIG REQUIRED)
  target_link_libraries(main PRIVATE SDL3::SDL3)

sdl3-image provides CMake targets:

  find_package(SDL3_image CONFIG REQUIRED)
  target_link_libraries(main PRIVATE $<IF:$<TARGET_EXISTS:SDL3_image::SDL3_image-shared>,SDL3_image::SDL3_image-shared,SDL3_image::SDL3_image-static>)

sdl3-image provides pkg-config modules:

  # image loading library for Simple DirectMedia Layer
  sdl3-image

sdl3-mixer provides CMake targets:

  find_package(SDL3_mixer CONFIG REQUIRED)
  target_link_libraries(main PRIVATE $<IF:$<TARGET_EXISTS:SDL3_mixer::SDL3_mixer>,SDL3_mixer::SDL3_mixer,SDL3_mixer::SDL3_mixer-static>)

sdl3-ttf provides CMake targets:

  find_package(SDL3_ttf CONFIG REQUIRED)
  target_link_libraries(main PRIVATE SDL3_ttf::SDL3_ttf)

All requested installations completed successfully in: 1.1 s
