[31156:0925/015734.437:VERBOSE1:base\allocator\scheduler_loop_quarantine_config.cc:195] No entry found for browser/global.
[31156:0925/015734.439:VERBOSE1:base\allocator\scheduler_loop_quarantine_config.cc:195] No entry found for browser/*.
[31156:0925/015734.496:VERBOSE1:components\device_event_log\device_event_log_impl.cc:214] [01:57:34.496] Display: EVENT: screen_win.cc:1103 Displays updated, count: 1
[31156:0925/015734.497:VERBOSE1:components\device_event_log\device_event_log_impl.cc:214] [01:57:34.497] Display: EVENT: screen_win.cc:1105 Display[3857537947] bounds=[0,0 1920x1080], workarea=[0,0 1920x1032], scale=1, rotation=0, panel_rotation=0 external detected
[31156:0925/015734.497:VERBOSE1:components\proxy_config\pref_proxy_config_tracker_impl.cc:466] 0x7a24002e8680: set chrome proxy config service to 0x7a24001c5e00
[31156:0925/015734.523:VERBOSE1:content\browser\first_party_sets\first_party_sets_handler_impl_instance.cc:267] Empty path. Failed initializing First-Party Sets database.
[31156:0925/015734.535:VERBOSE1:base\allocator\scheduler_loop_quarantine_config.cc:195] No entry found for browser/io.
[31156:0925/015734.749:VERBOSE1:components\device_event_log\device_event_log_impl.cc:214] [01:57:34.750] Display: EVENT: screen_win.cc:1103 Displays updated, count: 1
[31156:0925/015734.749:VERBOSE1:components\device_event_log\device_event_log_impl.cc:214] [01:57:34.750] Display: EVENT: screen_win.cc:1105 Display[3857537947] bounds=[0,0 1920x1080], workarea=[0,0 1920x1032], scale=1, rotation=0, panel_rotation=0 external detected
[31156:0925/015741.140:VERBOSE1:base\metrics\statistics_recorder.cc:631] Collections of all histograms
Histogram: Accessibility.ManuallyEnabled recorded 1 samples, mean = 0.0 (flags = 0x1)
0  -O                                                                        (1 = 100.0%)
1  ... 

Histogram: Cookie.FirstPartySets.Browser.DelayedQueriesCount recorded 1 samples, mean = 1.0 (flags = 0x1)
0  O                                                                         (0 = 0.0%)
1  -O                                                                        (1 = 100.0%) {0.0%}
2  ... 

Histogram: Cookie.FirstPartySets.Browser.MostDelayedQueryDelta recorded 1 samples, mean = 29.0 (flags = 0x1)
0   ... 
29  -O                                                                        (1 = 100.0%) {0.0%}
34  ... 

Histogram: GPU.BlocklistEntriesApplied recorded 2 samples (flags = 0x1)
0    -O                                                                        (1 = 50.0%)
186  -O                                                                        (1 = 50.0%)

Histogram: GPU.BlocklistFeatureTestResults.Accelerated2dCanvas recorded 1 samples, mean = 0.0 (flags = 0x1)
0  -O                                                                        (1 = 100.0%)
1  ... 

Histogram: GPU.BlocklistFeatureTestResults.GpuCompositing recorded 1 samples, mean = 0.0 (flags = 0x1)
0  -O                                                                        (1 = 100.0%)
1  ... 

Histogram: GPU.BlocklistFeatureTestResults.GpuRasterization recorded 1 samples, mean = 0.0 (flags = 0x1)
0  -O                                                                        (1 = 100.0%)
1  ... 

Histogram: GPU.BlocklistFeatureTestResults.Webgl recorded 1 samples, mean = 0.0 (flags = 0x1)
0  -O                                                                        (1 = 100.0%)
1  ... 

Histogram: GPU.BlocklistFeatureTestResults.Webgl2 recorded 1 samples, mean = 0.0 (flags = 0x1)
0  -O                                                                        (1 = 100.0%)
1  ... 

Histogram: GPU.BlocklistFeatureTestResults.Webgpu recorded 1 samples, mean = 2.0 (flags = 0x1)
0  ... 
2  -O                                                                        (1 = 100.0%) {0.0%}
3  ... 

Histogram: GPU.CanvasOopRaster.OopRasterAndGpuAcceleration recorded 1 samples, mean = 0.0 (flags = 0x1)
0  -O                                                                        (1 = 100.0%)
1  ... 

Histogram: GPU.DriverBugTestResultsPerEntry recorded 6 samples (flags = 0x1)
0    -O                                                                        (1 = 16.7%)
17   -O                                                                        (1 = 16.7%)
165  -O                                                                        (1 = 16.7%)
206  -O                                                                        (1 = 16.7%)
256  -O                                                                        (1 = 16.7%)
426  -O                                                                        (1 = 16.7%)

Histogram: GPU.GPUProcessLaunchTime recorded 1 samples, mean = 39.0 (flags = 0x1)
0   ... 
34  -O                                                                        (1 = 100.0%) {0.0%}
40  ... 

Histogram: GPU.GPUProcessTerminationStatus2 recorded 1 samples, mean = 4.0 (flags = 0x1)
0  ... 
4  -O                                                                        (1 = 100.0%) {0.0%}
5  ... 

Histogram: GPU.MultiGpu.Nvidia recorded 4 samples (flags = 0x1)
11524  ----O                                                                     (4 = 100.0%)

Histogram: GPU.ProcessLifetime2 recorded 1 samples, mean = 6.0 (flags = 0x1)
0  ... 
5  -O                                                                        (1 = 100.0%) {0.0%}
7  ... 

Histogram: GPU.ProcessLifetimeEvents.HardwareAccelerated recorded 1 samples, mean = 0.0 (flags = 0x1)
0  -O                                                                        (1 = 100.0%)
1  ... 

Histogram: MPArch.ChildProcessLaunchFirst recorded 1 samples, mean = 20.0 (flags = 0x1)
0   ... 
20  -O                                                                        (1 = 100.0%) {0.0%}
24  ... 

Histogram: MPArch.ChildProcessLaunchSubsequent recorded 1 samples, mean = 29.0 (flags = 0x1)
0   ... 
29  -O                                                                        (1 = 100.0%) {0.0%}
34  ... 

Histogram: MPArch.ChildProcessLauncher.Notify recorded 2 samples, mean = 35.5 (flags = 0x1)
0   ... 
29  -O                                                                        (1 = 50.0%) {0.0%}
34  -O                                                                        (1 = 50.0%) {50.0%}
40  ... 

Histogram: MPArch.ChildProcessLauncher.PreLaunchDelay recorded 2 samples, mean = 0.5 (flags = 0x1)
0  -O                                                                        (1 = 50.0%)
1  -O                                                                        (1 = 50.0%) {50.0%}
2  ... 

Histogram: Memory.CommitAvailableMB recorded 1 samples, mean = 8985.0 (flags = 0x1)
0     ... 
7439  -O                                                                        (1 = 100.0%) {0.0%}
10321 ... 

Histogram: Memory.CommitLimitMB recorded 1 samples, mean = 81706.0 (flags = 0x1)
0      ... 
73609  -O                                                                        (1 = 100.0%) {0.0%}
102126 ... 

Histogram: Memory.CommitPercentageUsed recorded 1 samples, mean = 90.0 (flags = 0x1)
0   ... 
90  -O                                                                        (1 = 100.0%) {0.0%}
91  ... 

Histogram: Memory.PartitionAlloc.PartitionRoot.ExtrasSize recorded 1 samples, mean = 4.0 (flags = 0x1)
0  ... 
4  -O                                                                        (1 = 100.0%) {0.0%}
5  ... 

Histogram: Memory.PressureLevel2 recorded 6 samples, mean = 0.0 (flags = 0x1)
0  ------O                                                                   (6 = 100.0%)
1  ... 

Histogram: Mojo.EndToEndLatencyUs.BrowserIO recorded 0 samples (flags = 0x1)
0 ... 

Histogram: Mojo.EndToEndLatencyUs.BrowserMain recorded 0 samples (flags = 0x1)
0 ... 

Histogram: NPU.Intel.DeviceId recorded 2 samples (flags = 0x1)
44317  --O                                                                       (2 = 100.0%)

Histogram: NQE.ContentObserver.NetworkQualityMeaningfullyChanged recorded 2 samples, mean = 1.0
0  O                                                                         (0 = 0.0%)
1  --O                                                                       (2 = 100.0%) {0.0%}
2  O                                                                         (0 = 0.0%) {100.0%}

Histogram: Net.DNS.DnsConfig.Windows.Compatibility recorded 1 samples, mean = 1.0 (flags = 0x1)
0  O                                                                         (0 = 0.0%)
1  -O                                                                        (1 = 100.0%) {0.0%}
2  ... 

Histogram: Net.DNS.DnsConfig.Windows.ReadSystemSettings0 recorded 1 samples, mean = 0.0 (flags = 0x1)
0  -O                                                                        (1 = 100.0%)
1  ... 

Histogram: Net.DNS.DnsHosts.Count recorded 1 samples, mean = 7.0 (flags = 0x1)
0  ... 
6  -O                                                                        (1 = 100.0%) {0.0%}
8  ... 

Histogram: Net.DNS.DnsHosts.EstimateMemoryUsage recorded 1 samples, mean = 714.0 (flags = 0x1)
0  -O                                                                        (1 = 100.0%)
1000... 

Histogram: Net.DNS.DnsHosts.FileSize recorded 1 samples, mean = 1316.0 (flags = 0x1)
0     ... 
1065  -O                                                                        (1 = 100.0%) {0.0%}
1539  ... 

Histogram: Net.NetworkChangeNotifier.NewConnectionCost recorded 1 samples, mean = 1.0 (flags = 0x1)
0  O                                                                         (0 = 0.0%)
1  -O                                                                        (1 = 100.0%) {0.0%}
2  ... 

Histogram: OSCrypt.Win.Decrypt.Result recorded 1 samples, mean = 1.0 (flags = 0x1)
0  O                                                                         (0 = 0.0%)
1  -O                                                                        (1 = 100.0%) {0.0%}
2  O                                                                         (0 = 0.0%) {100.0%}

Histogram: OSCrypt.Win.Decrypt.Time recorded 1 samples, mean = 1.0 (flags = 0x1)
0  O                                                                         (0 = 0.0%)
1  -O                                                                        (1 = 100.0%) {0.0%}
2  ... 

Histogram: Process.Sandbox.StartSandboxedWin.CreatePolicyDuration recorded 1 samples, mean = 6.0 (flags = 0x1)
0  ... 
6  -O                                                                        (1 = 100.0%) {0.0%}
7  ... 

Histogram: Process.Sandbox.StartSandboxedWin.GeneratePolicyDuration recorded 1 samples, mean = 269.0 (flags = 0x1)
0    ... 
252  -O                                                                        (1 = 100.0%) {0.0%}
310  ... 

Histogram: Process.Sandbox.StartSandboxedWin.PostSpawnTargetDuration recorded 1 samples, mean = 3.0 (flags = 0x1)
0  -O                                                                        (1 = 100.0%)
5  ... 

Histogram: Process.Sandbox.StartSandboxedWin.SpawnTargetDuration recorded 1 samples, mean = 28875.0 (flags = 0x1)
0      ... 
23596  -O                                                                        (1 = 100.0%) {0.0%}
29002  ... 

Histogram: Process.Sandbox.StartSandboxedWin.TotalDuration recorded 1 samples, mean = 29153.0 (flags = 0x1)
0      ... 
29002  -O                                                                        (1 = 100.0%) {0.0%}
35647  ... 

Histogram: Scheduling.ContendedLockAcquisitionTime.BaseLock.CrBrowserMain recorded 0 samples (flags = 0x1)
0 ... 

Histogram: Scheduling.ContendedLockAcquisitionTime.PartitionAllocLock.CrBrowserMain recorded 0 samples (flags = 0x1)
0 ... 

Histogram: Scheduling.MessagePump.WakeupCount.BrowserIO recorded 134 samples, mean = 1.0 (flags = 0x1)
0  O                                                                         (0 = 0.0%)
1  ------------------------------------------------------------------------O (134 = 100.0%) {0.0%}
2  O                                                                         (0 = 0.0%) {100.0%}

Histogram: Scheduling.MessagePump.WakeupCount.BrowserMain recorded 18 samples, mean = 1.0 (flags = 0x1)
0  O                                                                         (0 = 0.0%)
1  ------------------O                                                       (18 = 100.0%) {0.0%}
2  O                                                                         (0 = 0.0%) {100.0%}

Histogram: Scheduling.MessagePumpTimeKeeper.BrowserIO recorded 0 samples (flags = 0x1)
0 ... 

Histogram: Scheduling.MessagePumpTimeKeeper.BrowserUI recorded 0 samples (flags = 0x1)
0 ... 

Histogram: SiteIsolation.IsSitePerProcessOrStricter recorded 1 samples, mean = 1.0 (flags = 0x1)
0  O                                                                         (0 = 0.0%)
1  -O                                                                        (1 = 100.0%) {0.0%}
2  O                                                                         (0 = 0.0%) {100.0%}

Histogram: Startup.BrowserMainRunnerImplInitializeLongTime recorded 1 samples, mean = 94.0 (flags = 0x1)
0   ... 
89  -O                                                                        (1 = 100.0%) {0.0%}
103 ... 

Histogram: ThreadPool.UnnecessaryWakeup.Browser.Foreground recorded 3 samples, mean = 1.0 (flags = 0x1)
0  O                                                                         (0 = 0.0%)
1  ---O                                                                      (3 = 100.0%) {0.0%}
2  O                                                                         (0 = 0.0%) {100.0%}

Histogram: Tracing.Init.InitTracing recorded 1 samples, mean = 0.0 (flags = 0x1)
0  -O                                                                        (1 = 100.0%)
1  ... 

Histogram: Tracing.Init.Perfetto.Initialize recorded 1 samples, mean = 0.0 (flags = 0x1)
0  -O                                                                        (1 = 100.0%)
1  ... 

Histogram: UMA.ChildProcess.Ping.SharedMemorySetUp recorded 4 samples, mean = 1.0 (flags = 0x1)
0  --O                                                                       (2 = 50.0%)
1  O                                                                         (0 = 0.0%) {50.0%}
2  --O                                                                       (2 = 50.0%) {50.0%}
3  O                                                                         (0 = 0.0%) {100.0%}

Histogram: UMA.LocalHistogram recorded 2 samples, mean = 1.0
0  O                                                                         (0 = 0.0%)
1  --O                                                                       (2 = 100.0%) {0.0%}
2  O                                                                         (0 = 0.0%) {100.0%}

Histogram: UMA.MetricsService.PendingOngoingLogOnDisable recorded 1 samples, mean = 0.0 (flags = 0x1)
0  -O                                                                        (1 = 100.0%)
1  ... 

Histogram: UMA.PersistentAllocator.FieldTrialAllocator.UsedPct recorded 2 samples, mean = 0.0 (flags = 0x1)
0  --O                                                                       (2 = 100.0%)
1  ... 

Histogram: V8.SandboxMode recorded 1 samples, mean = 3.0 (flags = 0x1)
0  ... 
3  -O                                                                        (1 = 100.0%) {0.0%}
4  ... 

Histogram: V8.SandboxReservationSizeGB recorded 1 samples (flags = 0x1)
1152  -O                                                                        (1 = 100.0%)

Histogram: Variations.FeatureAccess recorded 104 samples (flags = 0x1)
-2117579521 -O                                                                        (1 = 1.0%)
-2107538580 -O                                                                        (1 = 1.0%)
-2102298458 -O                                                                        (1 = 1.0%)
-2060232198 -O                                                                        (1 = 1.0%)
-2021461599 -O                                                                        (1 = 1.0%)
-1999341188 -O                                                                        (1 = 1.0%)
-1995209261 -O                                                                        (1 = 1.0%)
-1906867679 -O                                                                        (1 = 1.0%)
-1858910104 -O                                                                        (1 = 1.0%)
-1728976901 -O                                                                        (1 = 1.0%)
-1711598625 -O                                                                        (1 = 1.0%)
-1711317086 -O                                                                        (1 = 1.0%)
-1688499241 -O                                                                        (1 = 1.0%)
-1660447659 -O                                                                        (1 = 1.0%)
-1655770158 -O                                                                        (1 = 1.0%)
-1553292923 -O                                                                        (1 = 1.0%)
-1502757532 -O                                                                        (1 = 1.0%)
-1492938903 -O                                                                        (1 = 1.0%)
-1413243002 -O                                                                        (1 = 1.0%)
-1378540834 -O                                                                        (1 = 1.0%)
-1237892181 -O                                                                        (1 = 1.0%)
-1226374686 -O                                                                        (1 = 1.0%)
-1215002415 -O                                                                        (1 = 1.0%)
-1195638501 -O                                                                        (1 = 1.0%)
-1187667623 -O                                                                        (1 = 1.0%)
-1049192801 -O                                                                        (1 = 1.0%)
-1016276104 -O                                                                        (1 = 1.0%)
-1005649085 -O                                                                        (1 = 1.0%)
-911204236  -O                                                                        (1 = 1.0%)
-909212394  -O                                                                        (1 = 1.0%)
-807606769  -O                                                                        (1 = 1.0%)
-727594202  -O                                                                        (1 = 1.0%)
-717224835  -O                                                                        (1 = 1.0%)
-692401743  -O                                                                        (1 = 1.0%)
-647327842  -O                                                                        (1 = 1.0%)
-632734404  -O                                                                        (1 = 1.0%)
-614860742  -O                                                                        (1 = 1.0%)
-516599012  -O                                                                        (1 = 1.0%)
-506046811  -O                                                                        (1 = 1.0%)
-494086340  -O                                                                        (1 = 1.0%)
-410734873  -O                                                                        (1 = 1.0%)
-406115708  -O                                                                        (1 = 1.0%)
-359833222  -O                                                                        (1 = 1.0%)
-295930877  -O                                                                        (1 = 1.0%)
-240196760  -O                                                                        (1 = 1.0%)
-203688515  -O                                                                        (1 = 1.0%)
-202553235  -O                                                                        (1 = 1.0%)
-180346475  -O                                                                        (1 = 1.0%)
-161487917  -O                                                                        (1 = 1.0%)
-122994576  -O                                                                        (1 = 1.0%)
-108627637  -O                                                                        (1 = 1.0%)
18629499    -O                                                                        (1 = 1.0%)
41534857    -O                                                                        (1 = 1.0%)
63400227    -O                                                                        (1 = 1.0%)
98757146    -O                                                                        (1 = 1.0%)
113167134   -O                                                                        (1 = 1.0%)
240240699   -O                                                                        (1 = 1.0%)
270624428   -O                                                                        (1 = 1.0%)
310256564   -O                                                                        (1 = 1.0%)
331875907   -O                                                                        (1 = 1.0%)
394507292   -O                                                                        (1 = 1.0%)
435853294   -O                                                                        (1 = 1.0%)
450950906   -O                                                                        (1 = 1.0%)
485903736   -O                                                                        (1 = 1.0%)
492662271   -O                                                                        (1 = 1.0%)
533100406   -O                                                                        (1 = 1.0%)
665081717   -O                                                                        (1 = 1.0%)
748164110   -O                                                                        (1 = 1.0%)
759649158   -O                                                                        (1 = 1.0%)
919092195   -O                                                                        (1 = 1.0%)
962216855   -O                                                                        (1 = 1.0%)
964893395   -O                                                                        (1 = 1.0%)
989585550   -O                                                                        (1 = 1.0%)
1035653911  -O                                                                        (1 = 1.0%)
1054475148  -O                                                                        (1 = 1.0%)
1078028982  -O                                                                        (1 = 1.0%)
1081479179  -O                                                                        (1 = 1.0%)
1287815939  -O                                                                        (1 = 1.0%)
1314327410  -O                                                                        (1 = 1.0%)
1388709076  -O                                                                        (1 = 1.0%)
1428160704  -O                                                                        (1 = 1.0%)
1495121320  -O                                                                        (1 = 1.0%)
1506130378  -O                                                                        (1 = 1.0%)
1537607498  -O                                                                        (1 = 1.0%)
1578755036  -O                                                                        (1 = 1.0%)
1580801830  -O                                                                        (1 = 1.0%)
1640401204  -O                                                                        (1 = 1.0%)
1664214230  -O                                                                        (1 = 1.0%)
1664286639  -O                                                                        (1 = 1.0%)
1691859835  -O                                                                        (1 = 1.0%)
1706102350  -O                                                                        (1 = 1.0%)
1740992949  -O                                                                        (1 = 1.0%)
1787376275  -O                                                                        (1 = 1.0%)
1799862370  -O                                                                        (1 = 1.0%)
1816811671  -O                                                                        (1 = 1.0%)
1838400867  -O                                                                        (1 = 1.0%)
1848167202  -O                                                                        (1 = 1.0%)
1848990866  -O                                                                        (1 = 1.0%)
1896790961  -O                                                                        (1 = 1.0%)
1924857150  -O                                                                        (1 = 1.0%)
1977291722  -O                                                                        (1 = 1.0%)
2014181330  -O                                                                        (1 = 1.0%)
2040130620  -O                                                                        (1 = 1.0%)
2120939159  -O                                                                        (1 = 1.0%)

Histogram: Windows.DisplayIdFromDeviceId recorded 2 samples, mean = 3.0 (flags = 0x1)
0  ... 
3  --O                                                                       (2 = 100.0%) {0.0%}
4  O                                                                         (0 = 0.0%) {100.0%}

Histogram: Windows.DisplayIdFromDeviceKey recorded 2 samples, mean = 3.0 (flags = 0x1)
0  ... 
3  --O                                                                       (2 = 100.0%) {0.0%}
4  O                                                                         (0 = 0.0%) {100.0%}


